Тест № 12 не прошёл проверку
причина: Неправильный ответ
подсказка: Неправильно обработаны 10000 случайных запросов за февраль 2001.

Тест № 16 не прошёл проверку
причина: Неправильный ответ
подсказка: Неправильно обработаны 10000 случайных запросов за февраль 2001.

Тест № 27 не прошёл проверку
причина: Неправильный ответ
подсказка: Неправильно обработаны 10000 случайных запросов за февраль 2004.

Тест № 31 не прошёл проверку
причина: Неправильный ответ
подсказка: Неправильно обработаны 10000 случайных запросов за февраль 2004.

Тест № 42 не прошёл проверку
причина: Неправильный ответ
подсказка: Неправильно обработаны 10000 случайных запросов за всё возможное время.

Тест № 46 не прошёл проверку
причина: Неправильный ответ
подсказка: Неправильно обработаны 10000 случайных запросов за всё возможное время.
Задача прошла 42 из 48 проверок
Неуспех